[backblue.gif]
[fade.gif]
[index.html]
[www.mclibre.org/consultar/htmlcss/varios/prism.js]
[www.mclibre.org/consultar/htmlcss/css/css-flexbox.html]
[www.mclibre.org/consultar/htmlcss/varios/fonts/consolas.woff]
[www.mclibre.org/consultar/htmlcss/varios/htmlcss.css]
[www.mclibre.org/consultar/htmlcss/varios/prism.css]
[www.mclibre.org/consultar/htmlcss/css/ejemplos/flexbox/display-1.html]
[www.mclibre.org/consultar/htmlcss/css/ejemplos/flexbox/display-2.html]
[www.mclibre.org/consultar/htmlcss/css/ejemplos/flexbox/flex-direction-1.html]
[www.mclibre.org/consultar/htmlcss/css/ejemplos/flexbox/flex-direction-2.html]
[www.mclibre.org/consultar/htmlcss/css/ejemplos/flexbox/flex-direction-3.html]
[www.mclibre.org/consultar/htmlcss/css/ejemplos/flexbox/flex-direction-4.html]
[www.mclibre.org/consultar/htmlcss/css/ejemplos/flexbox/flex-wrap-1.html]
[www.mclibre.org/consultar/htmlcss/css/ejemplos/flexbox/flex-wrap-2.html]
[www.mclibre.org/consultar/htmlcss/css/ejemplos/flexbox/flex-wrap-3.html]
[www.mclibre.org/consultar/htmlcss/css/ejemplos/flexbox/flex-flow-1.html]
[www.mclibre.org/consultar/htmlcss/css/ejemplos/flexbox/flex-flow-2.html]
[www.mclibre.org/consultar/htmlcss/css/ejemplos/flexbox/flex-order-1.html]
[www.mclibre.org/consultar/htmlcss/css/ejemplos/flexbox/flex-order-2.html]
[www.mclibre.org/consultar/htmlcss/css/ejemplos/flexbox/flex-basis-1.html]
[www.mclibre.org/consultar/htmlcss/css/ejemplos/flexbox/flex-basis-2.html]
[www.mclibre.org/consultar/htmlcss/css/ejemplos/flexbox/flex-basis-3.html]
[www.mclibre.org/consultar/htmlcss/css/ejemplos/flexbox/flex-basis-4.html]
[www.mclibre.org/consultar/htmlcss/css/ejemplos/flexbox/flex-grow-1.html]
[www.mclibre.org/consultar/htmlcss/css/ejemplos/flexbox/flex-grow-2.html]
[www.mclibre.org/consultar/htmlcss/css/ejemplos/flexbox/flex-shrink-1.html]
[www.mclibre.org/consultar/htmlcss/css/ejemplos/flexbox/flex-shrink-2.html]
[www.mclibre.org/consultar/htmlcss/css/ejemplos/flexbox/flex-flex-initial-1.html]
[www.mclibre.org/consultar/htmlcss/css/ejemplos/flexbox/flex-flex-initial-2.html]
[www.mclibre.org/consultar/htmlcss/css/ejemplos/flexbox/flex-flex-auto-1.html]
[www.mclibre.org/consultar/htmlcss/css/ejemplos/flexbox/flex-flex-auto-2.html]
[www.mclibre.org/consultar/htmlcss/css/ejemplos/flexbox/flex-flex-none-1.html]
[www.mclibre.org/consultar/htmlcss/css/ejemplos/flexbox/flex-flex-none-2.html]
[www.mclibre.org/consultar/htmlcss/css/ejemplos/flexbox/flex-flex-number-1.html]
[www.mclibre.org/consultar/htmlcss/css/ejemplos/flexbox/flex-flex-number-2.html]
[www.mclibre.org/consultar/htmlcss/css/ejemplos/flexbox/flex-margin-1.html]
[www.mclibre.org/consultar/htmlcss/css/ejemplos/flexbox/flex-margin-2.html]
[www.mclibre.org/consultar/htmlcss/css/ejemplos/flexbox/flex-margin-3.html]
[www.mclibre.org/consultar/htmlcss/css/ejemplos/flexbox/justify-content-1.html]
[www.mclibre.org/consultar/htmlcss/css/ejemplos/flexbox/justify-content-2.html]
[www.mclibre.org/consultar/htmlcss/css/ejemplos/flexbox/justify-content-3.html]
[www.mclibre.org/consultar/htmlcss/css/ejemplos/flexbox/justify-content-4.html]
[www.mclibre.org/consultar/htmlcss/css/ejemplos/flexbox/justify-content-5.html]
[www.mclibre.org/consultar/htmlcss/css/ejemplos/flexbox/align-items-1.html]
[www.mclibre.org/consultar/htmlcss/css/ejemplos/flexbox/align-items-2.html]
[www.mclibre.org/consultar/htmlcss/css/ejemplos/flexbox/align-items-3.html]
[www.mclibre.org/consultar/htmlcss/css/ejemplos/flexbox/align-items-4.html]
[www.mclibre.org/consultar/htmlcss/css/ejemplos/flexbox/align-items-5.html]
[www.mclibre.org/consultar/htmlcss/css/ejemplos/flexbox/align-self-1.html]
[www.mclibre.org/consultar/htmlcss/css/ejemplos/flexbox/align-self-2.html]
[www.mclibre.org/consultar/htmlcss/css/ejemplos/flexbox/align-self-3.html]
[www.mclibre.org/consultar/htmlcss/css/ejemplos/flexbox/align-self-4.html]
[www.mclibre.org/consultar/htmlcss/css/ejemplos/flexbox/align-self-5.html]
[www.mclibre.org/consultar/htmlcss/css/ejemplos/flexbox/align-content-1.html]
[www.mclibre.org/consultar/htmlcss/css/ejemplos/flexbox/align-content-2.html]
[www.mclibre.org/consultar/htmlcss/css/ejemplos/flexbox/align-content-3.html]
[www.mclibre.org/consultar/htmlcss/css/ejemplos/flexbox/align-content-4.html]
[www.mclibre.org/consultar/htmlcss/css/ejemplos/flexbox/align-content-5.html]
[www.mclibre.org/consultar/htmlcss/css/ejemplos/flexbox/align-content-6.html]
